============================= test session starts =============================
platform win32 -- Python 3.13.7, pytest-8.4.2, pluggy-1.6.0 -- C:\Program Files\Python313\python.exe
cachedir: .pytest_cache
rootdir: F:\CrawlRAG
configfile: pytest.ini
plugins: langsmith-0.4.39, asyncio-1.3.0, cov-7.0.0, mock-3.15.1, typeguard-4.4.4, anyio-4.11.0
asyncio: mode=Mode.AUTO, debug=False, asyncio_default_fixture_loop_scope=None, asyncio_default_test_loop_scope=function
collecting ... collected 8 items

tests/test_core.py::test_graph_node_model PASSED                         [ 12%]
tests/test_core.py::test_temporal_edge_model PASSED                      [ 25%]
tests/test_core.py::test_temporal_edge_compute_hash PASSED               [ 37%]
tests/test_core.py::test_graph_data_container PASSED                     [ 50%]
tests/test_core.py::test_graph_extractor_initialization SKIPPED          [ 62%]
tests/test_core.py::test_graph_extractor_extract SKIPPED (Requires LLM
API - manual test only)                                                  [ 75%]
tests/test_core.py::test_neo4j_upsert_data 
-------------------------------- live log call --------------------------------
2025-11-29 15:13:47 [ WARNING] Received notification from DBMS server: <GqlStatusObject gql_status='01N42', status_description='The query used a deprecated function: `id`.', position=<SummaryInputPosition line=12, column=16, offset=423>, raw_classification='DEPRECATION', classification=<NotificationClassification.DEPRECATION: 'DEPRECATION'>, raw_severity='WARNING', severity=<NotificationSeverity.WARNING: 'WARNING'>, diagnostic_record={'OPERATION': '', 'OPERATION_CODE': '0', 'CURRENT_SCHEMA': '/', '_classification': 'DEPRECATION', '_severity': 'WARNING', '_position': {'column': 16, 'offset': 423, 'line': 12}}> for query: '\n        MATCH (source {id: $source_id})\n        MATCH (target {id: $target_id})\n        CREATE (source)-[r:FOUNDED_BY]->(target)\n        SET r.valid_from = datetime($valid_from),\n            r.valid_to = NULL,\n            r.last_verified = datetime($now),\n            r.verification_count = 1,\n            r.source_url = $source_url,\n            r.content_hash = $content_hash,\n            r += $properties\n        RETURN id(r) AS rel_id\n        '
PASSED                                                                   [ 87%]
tests/test_core.py::test_time_travel_query 
-------------------------------- live log call --------------------------------
2025-11-29 15:13:47 [ WARNING] Received notification from DBMS server: <GqlStatusObject gql_status='01N42', status_description='The query used a deprecated function: `id`.', position=<SummaryInputPosition line=12, column=16, offset=423>, raw_classification='DEPRECATION', classification=<NotificationClassification.DEPRECATION: 'DEPRECATION'>, raw_severity='WARNING', severity=<NotificationSeverity.WARNING: 'WARNING'>, diagnostic_record={'OPERATION': '', 'OPERATION_CODE': '0', 'CURRENT_SCHEMA': '/', '_classification': 'DEPRECATION', '_severity': 'WARNING', '_position': {'column': 16, 'offset': 423, 'line': 12}}> for query: '\n        MATCH (source {id: $source_id})\n        MATCH (target {id: $target_id})\n        CREATE (source)-[r:LOCATED_IN]->(target)\n        SET r.valid_from = datetime($valid_from),\n            r.valid_to = NULL,\n            r.last_verified = datetime($now),\n            r.verification_count = 1,\n            r.source_url = $source_url,\n            r.content_hash = $content_hash,\n            r += $properties\n        RETURN id(r) AS rel_id\n        '
2025-11-29 15:13:47 [ WARNING] Received notification from DBMS server: <GqlStatusObject gql_status='01N42', status_description='The query used a deprecated function: `id`.', position=<SummaryInputPosition line=7, column=16, offset=279>, raw_classification='DEPRECATION', classification=<NotificationClassification.DEPRECATION: 'DEPRECATION'>, raw_severity='WARNING', severity=<NotificationSeverity.WARNING: 'WARNING'>, diagnostic_record={'OPERATION': '', 'OPERATION_CODE': '0', 'CURRENT_SCHEMA': '/', '_classification': 'DEPRECATION', '_severity': 'WARNING', '_position': {'column': 16, 'offset': 279, 'line': 7}}> for query: '\n        MATCH (source)-[r:LOCATED_IN]->(target)\n        WHERE (source.id = $source_name OR source.name = $source_name)\n          AND (target.id = $target_name OR target.name = $target_name)\n          AND r.valid_to IS NULL\n        SET r.valid_to = datetime($now)\n        RETURN id(r) AS rel_id\n        '
2025-11-29 15:13:47 [ WARNING] Received notification from DBMS server: <GqlStatusObject gql_status='01N42', status_description='The query used a deprecated function: `id`.', position=<SummaryInputPosition line=12, column=16, offset=423>, raw_classification='DEPRECATION', classification=<NotificationClassification.DEPRECATION: 'DEPRECATION'>, raw_severity='WARNING', severity=<NotificationSeverity.WARNING: 'WARNING'>, diagnostic_record={'OPERATION': '', 'OPERATION_CODE': '0', 'CURRENT_SCHEMA': '/', '_classification': 'DEPRECATION', '_severity': 'WARNING', '_position': {'column': 16, 'offset': 423, 'line': 12}}> for query: '\n        MATCH (source {id: $source_id})\n        MATCH (target {id: $target_id})\n        CREATE (source)-[r:LOCATED_IN]->(target)\n        SET r.valid_from = datetime($valid_from),\n            r.valid_to = NULL,\n            r.last_verified = datetime($now),\n            r.verification_count = 1,\n            r.source_url = $source_url,\n            r.content_hash = $content_hash,\n            r += $properties\n        RETURN id(r) AS rel_id\n        '
FAILED                                                                   [100%]

================================== FAILURES ===================================
___________________________ test_time_travel_query ____________________________
tests\test_core.py:291: in test_time_travel_query
    assert len(snapshot_time1["links"]) == 1
               ^^^^^^^^^^^^^^^^^^^^^^^
E   TypeError: list indices must be integers or slices, not str
---------------------------- Captured stdout call -----------------------------
2025-11-29 15:13:47 [info     ] graph_manager_initialized      database=neo4j uri=bolt://localhost:7687
2025-11-29 15:13:47 [info     ] connectivity_verified          uri=bolt://localhost:7687
2025-11-29 15:13:47 [warning  ] clearing_database              database=neo4j
2025-11-29 15:13:47 [info     ] database_cleared               nodes_deleted=2
2025-11-29 15:13:47 [info     ] upserting_graph_data           num_edges=1 num_nodes=2 source_url=https://example.com/tesla
2025-11-29 15:13:47 [debug    ] creating_new_edge              relation=LOCATED_IN source=tesla_inc target=austin_tx
2025-11-29 15:13:47 [info     ] graph_data_upserted            edges_created=1 edges_invalidated=0 edges_skipped=0 edges_updated=0 nodes_created=2
2025-11-29 15:13:47 [info     ] upserting_graph_data           num_edges=1 num_nodes=2 source_url=https://example.com/tesla
2025-11-29 15:13:47 [info     ] edge_changed_invalidating_and_creating new_hash=a582f62b3661453c47a180412f5f8f73a33d566b88e536711e53bcf08a378246 old_hash=221d2e10e9a3d73be1cabf2fe1fdaf3ebc491adb7cf5712530f48267c1f152c1 relation=LOCATED_IN source=tesla_inc target=austin_tx
2025-11-29 15:13:47 [info     ] graph_data_upserted            edges_created=1 edges_invalidated=1 edges_skipped=0 edges_updated=0 nodes_created=0
2025-11-29 15:13:47 [info     ] getting_graph_snapshot
2025-11-29 15:13:47 [info     ] graph_driver_closed
------------------------------ Captured log call ------------------------------
WARNING  neo4j.notifications:result.py:343 Received notification from DBMS server: <GqlStatusObject gql_status='01N42', status_description='The query used a deprecated function: `id`.', position=<SummaryInputPosition line=12, column=16, offset=423>, raw_classification='DEPRECATION', classification=<NotificationClassification.DEPRECATION: 'DEPRECATION'>, raw_severity='WARNING', severity=<NotificationSeverity.WARNING: 'WARNING'>, diagnostic_record={'OPERATION': '', 'OPERATION_CODE': '0', 'CURRENT_SCHEMA': '/', '_classification': 'DEPRECATION', '_severity': 'WARNING', '_position': {'column': 16, 'offset': 423, 'line': 12}}> for query: '\n        MATCH (source {id: $source_id})\n        MATCH (target {id: $target_id})\n        CREATE (source)-[r:LOCATED_IN]->(target)\n        SET r.valid_from = datetime($valid_from),\n            r.valid_to = NULL,\n            r.last_verified = datetime($now),\n            r.verification_count = 1,\n            r.source_url = $source_url,\n            r.content_hash = $content_hash,\n            r += $properties\n        RETURN id(r) AS rel_id\n        '
WARNING  neo4j.notifications:result.py:343 Received notification from DBMS server: <GqlStatusObject gql_status='01N42', status_description='The query used a deprecated function: `id`.', position=<SummaryInputPosition line=7, column=16, offset=279>, raw_classification='DEPRECATION', classification=<NotificationClassification.DEPRECATION: 'DEPRECATION'>, raw_severity='WARNING', severity=<NotificationSeverity.WARNING: 'WARNING'>, diagnostic_record={'OPERATION': '', 'OPERATION_CODE': '0', 'CURRENT_SCHEMA': '/', '_classification': 'DEPRECATION', '_severity': 'WARNING', '_position': {'column': 16, 'offset': 279, 'line': 7}}> for query: '\n        MATCH (source)-[r:LOCATED_IN]->(target)\n        WHERE (source.id = $source_name OR source.name = $source_name)\n          AND (target.id = $target_name OR target.name = $target_name)\n          AND r.valid_to IS NULL\n        SET r.valid_to = datetime($now)\n        RETURN id(r) AS rel_id\n        '
WARNING  neo4j.notifications:result.py:343 Received notification from DBMS server: <GqlStatusObject gql_status='01N42', status_description='The query used a deprecated function: `id`.', position=<SummaryInputPosition line=12, column=16, offset=423>, raw_classification='DEPRECATION', classification=<NotificationClassification.DEPRECATION: 'DEPRECATION'>, raw_severity='WARNING', severity=<NotificationSeverity.WARNING: 'WARNING'>, diagnostic_record={'OPERATION': '', 'OPERATION_CODE': '0', 'CURRENT_SCHEMA': '/', '_classification': 'DEPRECATION', '_severity': 'WARNING', '_position': {'column': 16, 'offset': 423, 'line': 12}}> for query: '\n        MATCH (source {id: $source_id})\n        MATCH (target {id: $target_id})\n        CREATE (source)-[r:LOCATED_IN]->(target)\n        SET r.valid_from = datetime($valid_from),\n            r.valid_to = NULL,\n            r.last_verified = datetime($now),\n            r.verification_count = 1,\n            r.source_url = $source_url,\n            r.content_hash = $content_hash,\n            r += $properties\n        RETURN id(r) AS rel_id\n        '
=========================== short test summary info ===========================
FAILED tests/test_core.py::test_time_travel_query - TypeError: list indices must be integers or slices, not str
============ 1 failed, 5 passed, 2 skipped, 22 warnings in 15.44s =============
